2025-02-14 04:48:33.461 10247-989 D/TrackManager: track() called with: endpoint = [https://api.tracking.al-array.com/array/tracker/1.0/events], eventName = [aidl_get_enabled_features], parameters = [{feature=DirectDownload, tmobile_adapt_version=3420099}]
2025-02-14 04:48:33.488 10247-989 D/: getValue: false
2025-02-14 04:48:33.499 10247-989 D/TrackManager: track >> trafficContext: for eventName=aidl_get_enabled_features, true, false
2025-02-14 04:48:33.557 10247-989 D/TMobileAdapterApi: isAdaptEnable() called com.tmobile.pr.adapt:3420099
2025-02-14 04:48:33.560 10247-989 D/TMobileAdapterApi: tempId is expired: SystemClock.elapsedRealtime():90804849, tempIdLastRequestTime:89533954, getTempIdCacheTime: 150000
2025-02-14 04:48:33.567 10247-989 D/TMobileAdapterApi: tempId is expired: SystemClock.elapsedRealtime():90804850, tempIdLastRequestTime:89533954, getTempIdCacheTime: 150000
2025-02-14 04:48:33.568 10247-989 D/TMobileAdapterApi: try call adapt to get new tempId
2025-02-14 04:48:33.568 10247-989 D/TrackManager: track() called with: endpoint = [https://api.tracking.al-array.com/array/tracker/1.0/events], eventName = [adapt_tempid_start_retrieve], parameters = [{adapt_trace_id=15b2d7ca-fa34-4deb-85be-7497d0574e75}]
2025-02-14 04:48:33.569 10247-989 D/: getValue: false
2025-02-14 04:48:33.569 10247-989 D/TrackManager: track >> trafficContext: for eventName=adapt_tempid_start_retrieve, true, false
2025-02-14 04:48:33.569 10247-933 D/AppLovinRandomIdRepository: getApplovinRandomId: lq3f2899WaFunSj9|1739537313556|c6e03924-444e-456c-a4c5-744920658962|sp
2025-02-14 04:48:33.570 10247-933 D/AppLovinRandomIdRepository: getDeviceId: 7db5ad2a-04eb-43b9-ba0d-d7b88c70ca37
2025-02-14 04:48:33.570 10247-933 D/: getValue: false
2025-02-14 04:48:33.570 10247-933 D/: getValue: 
2025-02-14 04:48:33.570 10247-933 D/: getValue: false
2025-02-14 04:48:33.579 10247-921 D/AppLovinRandomIdRepository: getApplovinRandomId: gB0gHEMCjt8FXNne|1739537313577|c6e03924-444e-456c-a4c5-744920658962|sp
2025-02-14 04:48:33.580 10247-921 D/AppLovinRandomIdRepository: getDeviceId: 7db5ad2a-04eb-43b9-ba0d-d7b88c70ca37
2025-02-14 04:48:33.580 10247-921 D/: getValue: false
2025-02-14 04:48:33.581 10247-921 D/: getValue: 
2025-02-14 04:48:33.582 10247-921 D/: getValue: false
2025-02-14 04:48:33.586 10247-933 D/AppLovinRandomIdRepository: getApplovinRandomId: AaUqNI76sCzrmrXu|1739537313585|c6e03924-444e-456c-a4c5-744920658962|sp
2025-02-14 04:48:33.587 10247-933 D/: getValue: false
2025-02-14 04:48:33.587 10247-933 D/AppLovinRandomIdRepository: getDeviceId: 7db5ad2a-04eb-43b9-ba0d-d7b88c70ca37
2025-02-14 04:48:33.590 10247-921 D/AppLovinRandomIdRepository: getApplovinRandomId: bAVVhNUhWVDmt4KC|1739537313589|c6e03924-444e-456c-a4c5-744920658962|sp
2025-02-14 04:48:33.591 10247-921 D/: getValue: false
2025-02-14 04:48:33.591 10247-921 D/AppLovinRandomIdRepository: getDeviceId: 7db5ad2a-04eb-43b9-ba0d-d7b88c70ca37
2025-02-14 04:48:33.592 10247-933 I/AppHub: Task request endpoint:https://api.tracking.al-array.com/array/tracker/1.0/events
2025-02-14 04:48:33.595 10247-930 I/AppHub: Task request endpoint:https://api.tracking.al-array.com/array/tracker/1.0/events
2025-02-14 04:48:33.615 10247-930 E/AppHub: Failed to dispatch postback. Error code: -1009 URL: https://api.tracking.al-array.com/array/tracker/1.0/events, response: null
2025-02-14 04:48:33.616 10247-930 W/PersistentPostbackManager: Failed to submit postback with errorCode -1009. Will retry later...
2025-02-14 04:48:33.617 10247-933 E/AppHub: Failed to dispatch postback. Error code: -1009 URL: https://api.tracking.al-array.com/array/tracker/1.0/events, response: null
2025-02-14 04:48:33.617 10247-933 W/PersistentPostbackManager: Failed to submit postback with errorCode -1009. Will retry later...
2025-02-14 04:48:37.333 10247-989 D/TrackManager: track() called with: endpoint = [https://api.tracking.al-array.com/array/tracker/1.0/events], eventName = [adapt_tempid_retrieved], parameters = [{adapt_trace_id=15b2d7ca-fa34-4deb-85be-7497d0574e75, retry=0}]
2025-02-14 04:48:37.334 10247-989 D/: getValue: false
2025-02-14 04:48:37.338 10247-989 D/TrackManager: track >> trafficContext: for eventName=adapt_tempid_retrieved, true, false
2025-02-14 04:48:37.339 10247-989 D/TMobileAdapterApi: get new tempId=Yzg2MzVjZDMtYWZmNC00MGM2LTg1YzgtMjIzMGIzMDMxZjY0
2025-02-14 04:48:37.339 10247-989 D/FeatureControl: getEnabledFeaturesImpl() called:Bundle[{OOBE=true, SILENT_PRELOAD=true, DIRECT_DOWNLOAD=true}]
2025-02-14 04:48:37.339 10247-963 D/TrackManager: track() called with: endpoint = [https://api.tracking.al-array.com/array/tracker/1.0/events], eventName = [aidl_get_apphub_version_code], parameters = [{feature=DirectDownload}]
2025-02-14 04:48:37.342 10247-963 D/: getValue: false
2025-02-14 04:48:37.343 10247-963 D/TrackManager: track >> trafficContext: for eventName=aidl_get_apphub_version_code, true, false
2025-02-14 04:48:37.345 10247-863 D/TrackManager: track() called with: endpoint = [https://api.tracking.al-array.com/array/tracker/1.0/events], eventName = [aidl_get_random_user_token], parameters = [{feature=DirectDownload}]
2025-02-14 04:48:37.348 10247-863 D/: getValue: false
2025-02-14 04:48:37.352 10247-863 D/TrackManager: track >> trafficContext: for eventName=aidl_get_random_user_token, true, false
2025-02-14 04:48:37.353 10247-863 D/AppLovinRandomIdRepository: getApplovinRandomId: 7XAJvkNlXTeuuL5L|1739537317348|c6e03924-444e-456c-a4c5-744920658962|sp
2025-02-14 04:48:37.353 10247-932 D/AppLovinRandomIdRepository: getApplovinRandomId: i2bVC6iawYy3PHbm|1739537317349|c6e03924-444e-456c-a4c5-744920658962|sp
2025-02-14 04:48:37.353 10247-932 D/AppLovinRandomIdRepository: getDeviceId: 7db5ad2a-04eb-43b9-ba0d-d7b88c70ca37
2025-02-14 04:48:37.354 10247-932 D/: getValue: false
2025-02-14 04:48:37.354 10247-932 D/: getValue: 
2025-02-14 04:48:37.354 10247-932 D/: getValue: false
2025-02-14 04:48:37.359 10247-921 D/AppLovinRandomIdRepository: getApplovinRandomId: iNGpCerTPD6gSdn8|1739537317358|c6e03924-444e-456c-a4c5-744920658962|sp
2025-02-14 04:48:37.360 10247-921 D/AppLovinRandomIdRepository: getDeviceId: 7db5ad2a-04eb-43b9-ba0d-d7b88c70ca37
2025-02-14 04:48:37.360 10247-921 D/: getValue: false
2025-02-14 04:48:37.361 10247-921 D/: getValue: 
2025-02-14 04:48:37.361 10247-921 D/: getValue: false
2025-02-14 04:48:37.362 10247-932 D/AppLovinRandomIdRepository: getApplovinRandomId: D1OOEZtTzsOehByq|1739537317361|c6e03924-444e-456c-a4c5-744920658962|sp
2025-02-14 04:48:37.362 10247-932 D/: getValue: false
2025-02-14 04:48:37.363 10247-932 D/AppLovinRandomIdRepository: getDeviceId: 7db5ad2a-04eb-43b9-ba0d-d7b88c70ca37
2025-02-14 04:48:37.365 10247-922 D/AppLovinRandomIdRepository: getApplovinRandomId: WMOsW8IYRASi1vPX|1739537317363|c6e03924-444e-456c-a4c5-744920658962|sp
2025-02-14 04:48:37.365 10247-922 D/AppLovinRandomIdRepository: getDeviceId: 7db5ad2a-04eb-43b9-ba0d-d7b88c70ca37
2025-02-14 04:48:37.366 10247-922 D/: getValue: false
2025-02-14 04:48:37.366 10247-922 D/: getValue: 
2025-02-14 04:48:37.367 10247-922 D/: getValue: false
2025-02-14 04:48:37.368 10247-932 I/AppHub: Task request endpoint:https://api.tracking.al-array.com/array/tracker/1.0/events
2025-02-14 04:48:37.374 10247-921 D/AppLovinRandomIdRepository: getApplovinRandomId: 1CLPWVX9Mk08v0Bu|1739537317373|c6e03924-444e-456c-a4c5-744920658962|sp
2025-02-14 04:48:37.375 10247-921 D/: getValue: false
2025-02-14 04:48:37.375 10247-921 D/AppLovinRandomIdRepository: getDeviceId: 7db5ad2a-04eb-43b9-ba0d-d7b88c70ca37
2025-02-14 04:48:37.379 10247-922 D/AppLovinRandomIdRepository: getApplovinRandomId: GwNavlnWTnWuvrDx|1739537317377|c6e03924-444e-456c-a4c5-744920658962|sp
2025-02-14 04:48:37.379 10247-922 D/: getValue: false
2025-02-14 04:48:37.380 10247-922 D/AppLovinRandomIdRepository: getDeviceId: 7db5ad2a-04eb-43b9-ba0d-d7b88c70ca37
2025-02-14 04:48:37.380 10247-932 E/AppHub: Failed to dispatch postback. Error code: -1009 URL: https://api.tracking.al-array.com/array/tracker/1.0/events, response: null
2025-02-14 04:48:37.380 10247-932 W/PersistentPostbackManager: Failed to submit postback with errorCode -1009. Will retry later...
2025-02-14 04:48:37.390 10247-930 I/AppHub: Task request endpoint:https://api.tracking.al-array.com/array/tracker/1.0/events
2025-02-14 04:48:37.391 10247-932 I/AppHub: Task request endpoint:https://api.tracking.al-array.com/array/tracker/1.0/events
2025-02-14 04:48:37.393 10247-930 E/AppHub: Failed to dispatch postback. Error code: -1009 URL: https://api.tracking.al-array.com/array/tracker/1.0/events, response: null
2025-02-14 04:48:37.395 10247-930 W/PersistentPostbackManager: Failed to submit postback with errorCode -1009. Will retry later...
2025-02-14 04:48:37.395 10247-932 E/AppHub: Failed to dispatch postback. Error code: -1009 URL: https://api.tracking.al-array.com/array/tracker/1.0/events, response: null
2025-02-14 04:48:37.396 10247-932 W/PersistentPostbackManager: Failed to submit postback with errorCode -1009. Will retry later...
2025-02-14 04:50:29.754 10247-2 D/AppLifeCycleProviderImpl: onScreenOn
2025-02-14 04:50:29.757 10247-2 W/AppLifeCycleProviderImpl: check update
2025-02-14 04:50:29.757 10247-2 I/AppLifeCycleProviderImpl: onReceive, action = android.intent.action.SCREEN_ON
2025-02-14 04:50:29.761 10247-994 I/RFixBundleInfo: notifyBundleUpdate
2025-02-14 04:50:29.815 10247-994 W/RFixBundleInfo: can not download patch config:null
2025-02-14 04:50:29.879 10247-917 D/AppHub: ApplicationInitializer : The default network changed network: 110
2025-02-14 04:50:36.375 10247-2 D/UserPresentBroadcastReceiver: onReceive() called with: context = [com.applovin.array.apphub.ShellApplication@bab825f], intent = [Intent { act=android.intent.action.USER_PRESENT flg=0x24200010 }]
2025-02-14 04:50:36.389 10247-2 D/AndroidDeviceUtil: isDeviceEncrypted() called with: storageEncryptionStatus = [5]
2025-02-14 04:50:36.395 10247-2 D/AndroidDeviceUtil: isUserUnlocked() called with: isUserUnlocked = [true]
2025-02-14 04:50:36.396 10247-2 D/AppHubApplicationDelegate: Application boot onCreate() called isDeviceEncrypted:true，isUserUnlocked：true
2025-02-14 04:50:36.396 10247-2 D/ScreenBroadcastReceiver: onReceive() called with: context = [com.applovin.array.apphub.ShellApplication@bab825f], intent = [Intent { act=android.intent.action.USER_PRESENT flg=0x24200010 }]
2025-02-14 04:50:36.398 10247-2 E/ScreenBroadcastReceiver: notification trigger fail
2025-02-14 04:50:36.400 10247-2 E/ScreenBroadcastReceiver: oobe=ConfigItem{name='oobe', enable=false, maxFrequency=0, timePeriod=0, uiType='null', intervals=[], repeatType='null', delay=false, settings=ConfigItemSettings{checkInterval=0, appCoolDown=0, duration=0, persistent=false, navBarDisable=false, waitDuration=0, existDuration=0, initialDelaySeconds=0, downloadApiInvokeTimeout=4000}}
2025-02-14 04:50:36.401 10247-2 E/ScreenBroadcastReceiver: os-update=ConfigItem{name='osUpdate', enable=false, maxFrequency=0, timePeriod=0, uiType='null', intervals=[], repeatType='null', delay=false, settings=ConfigItemSettings{checkInterval=0, appCoolDown=0, duration=0, persistent=false, navBarDisable=false, waitDuration=0, existDuration=0, initialDelaySeconds=0, downloadApiInvokeTimeout=4000}}
2025-02-14 04:50:36.403 10247-2 D/PluginManager: getPlugin() called with: cl = [com.applovin.array.plugin.IDiscoveryPlugin:com.applovin.oem.discovery.plugin.DiscoveryPlugin@2da2c23
2025-02-14 04:50:36.408 10247-2 D/ReminderNotificationProvider: checkAndShowReminderPopup() called
2025-02-14 04:50:36.412 10247-2 D/OOBEManager: tryShowOOBEPopup() called
2025-02-14 04:50:36.412 10247-2 D/: getValue: false
2025-02-14 04:50:36.413 10247-2 D/: getValue: false
2025-02-14 04:50:36.413 10247-2 D/OOBEManager: tryShowOptInPopUp() called
2025-02-14 04:50:36.414 10247-2 D/: getValue: false
2025-02-14 04:50:36.414 10247-2 D/: getValue: false
2025-02-14 04:50:36.414 10247-2 D/PeriodicManager: tryShowPeriodicRecommendation() called
2025-02-14 04:50:36.415 10247-2 D/: getValue: false
2025-02-14 04:50:36.420 10247-995 D/SelfUpdateChecker: -startCheckSelfUpdateFlow()  : forceSelfUpdate:false,isOOBEStarted:false,isNeedSelfUpdate:false,isAllowMobileNetwork:false,isDeviceWifiNetwork:true
2025-02-14 04:51:09.125 10247-917 D/AppHub: ApplicationInitializer : The default network changed network: 110
2025-02-14 04:51:12.107 10247-917 D/AppHub: ApplicationInitializer : The default network changed network: 110
2025-02-14 04:51:16.252 10247-2 D/AppLifeCycleProviderImpl: onScreenOff
2025-02-14 04:51:16.253 10247-2 I/AppLifeCycleProviderImpl: onReceive, action = android.intent.action.SCREEN_OFF
2025-02-14 04:51:19.788 10247-2 D/AndroidDeviceUtil: isDeviceEncrypted() called with: storageEncryptionStatus = [5]
2025-02-14 04:51:19.789 10247-2 D/AndroidDeviceUtil: isUserUnlocked() called with: isUserUnlocked = [true]
2025-02-14 04:51:19.790 10247-2 D/AppHubApplicationDelegate: Application boot onCreate() called isDeviceEncrypted:true，isUserUnlocked：true
2025-02-14 04:51:23.476 10247-985 D/FeatureControl: getEnabledFeaturesTimeout() called
2025-02-14 04:51:23.482 10247-996 D/TMobileAdapterApi: The version number of the adapter is=3420099
2025-02-14 04:51:23.483 10247-996 D/TrackManager: track() called with: endpoint = [https://api.tracking.al-array.com/array/tracker/1.0/events], eventName = [aidl_get_enabled_features], parameters = [{feature=DirectDownload, tmobile_adapt_version=3420099}]
2025-02-14 04:51:23.498 10247-996 D/: getValue: false
2025-02-14 04:51:23.503 10247-996 D/TrackManager: track >> trafficContext: for eventName=aidl_get_enabled_features, true, false
2025-02-14 04:51:23.540 10247-930 D/AppLovinRandomIdRepository: getApplovinRandomId: bYxiqjo6INnQZJkO|1739537483536|c6e03924-444e-456c-a4c5-744920658962|sp
2025-02-14 04:51:23.540 10247-930 D/AppLovinRandomIdRepository: getDeviceId: 7db5ad2a-04eb-43b9-ba0d-d7b88c70ca37
2025-02-14 04:51:23.543 10247-930 D/: getValue: false
2025-02-14 04:51:23.544 10247-930 D/: getValue: 
2025-02-14 04:51:23.544 10247-930 D/: getValue: false
2025-02-14 04:51:23.560 10247-996 D/TMobileAdapterApi: isAdaptEnable() called com.tmobile.pr.adapt:3420099
2025-02-14 04:51:23.561 10247-930 D/AppLovinRandomIdRepository: getApplovinRandomId: fcoTTGvNoqcTjT0E|1739537483560|c6e03924-444e-456c-a4c5-744920658962|sp
2025-02-14 04:51:23.562 10247-930 D/: getValue: false
2025-02-14 04:51:23.562 10247-930 D/AppLovinRandomIdRepository: getDeviceId: 7db5ad2a-04eb-43b9-ba0d-d7b88c70ca37
2025-02-14 04:51:23.566 10247-996 D/TMobileAdapterApi: tempId is expired: SystemClock.elapsedRealtime():90974853, tempIdLastRequestTime:90808624, getTempIdCacheTime: 150000
2025-02-14 04:51:23.566 10247-996 D/TMobileAdapterApi: tempId is expired: SystemClock.elapsedRealtime():90974857, tempIdLastRequestTime:90808624, getTempIdCacheTime: 150000
2025-02-14 04:51:23.567 10247-996 D/TMobileAdapterApi: try call adapt to get new tempId
2025-02-14 04:51:23.570 10247-996 D/TrackManager: track() called with: endpoint = [https://api.tracking.al-array.com/array/tracker/1.0/events], eventName = [adapt_tempid_start_retrieve], parameters = [{adapt_trace_id=f59449e6-40d0-426b-a708-96bfcab0cdf6}]
2025-02-14 04:51:23.571 10247-996 D/: getValue: false
2025-02-14 04:51:23.573 10247-996 D/TrackManager: track >> trafficContext: for eventName=adapt_tempid_start_retrieve, true, false
2025-02-14 04:51:23.584 10247-930 I/AppHub: Task request endpoint:https://api.tracking.al-array.com/array/tracker/1.0/events
2025-02-14 04:51:23.593 10247-932 D/AppLovinRandomIdRepository: getApplovinRandomId: U866W981UmdkfeTJ|1739537483591|c6e03924-444e-456c-a4c5-744920658962|sp
2025-02-14 04:51:23.594 10247-932 D/AppLovinRandomIdRepository: getDeviceId: 7db5ad2a-04eb-43b9-ba0d-d7b88c70ca37
2025-02-14 04:51:23.594 10247-932 D/: getValue: false
2025-02-14 04:51:23.595 10247-932 D/: getValue: 
2025-02-14 04:51:23.596 10247-932 D/: getValue: false
2025-02-14 04:51:23.637 10247-930 E/AppHub: Failed to dispatch postback. Error code: -1009 URL: https://api.tracking.al-array.com/array/tracker/1.0/events, response: null
2025-02-14 04:51:23.638 10247-930 W/PersistentPostbackManager: Failed to submit postback with errorCode -1009. Will retry later...
2025-02-14 04:51:23.638 10247-932 D/AppLovinRandomIdRepository: getApplovinRandomId: 9zkWkPdt6Kj9aLUa|1739537483600|c6e03924-444e-456c-a4c5-744920658962|sp
2025-02-14 04:51:23.638 10247-932 D/: getValue: false
2025-02-14 04:51:23.639 10247-932 D/AppLovinRandomIdRepository: getDeviceId: 7db5ad2a-04eb-43b9-ba0d-d7b88c70ca37
2025-02-14 04:51:23.639 10247-932 I/AppHub: Task request endpoint:https://api.tracking.al-array.com/array/tracker/1.0/events
2025-02-14 04:51:23.639 10247-932 E/AppHub: Failed to dispatch postback. Error code: -1009 URL: https://api.tracking.al-array.com/array/tracker/1.0/events, response: null
2025-02-14 04:51:23.639 10247-932 W/PersistentPostbackManager: Failed to submit postback with errorCode -1009. Will retry later...
2025-02-14 04:51:25.083 10247-996 D/TrackManager: track() called with: endpoint = [https://api.tracking.al-array.com/array/tracker/1.0/events], eventName = [adapt_tempid_retrieved], parameters = [{adapt_trace_id=f59449e6-40d0-426b-a708-96bfcab0cdf6, retry=0}]
2025-02-14 04:51:25.083 10247-996 D/: getValue: false
2025-02-14 04:51:25.084 10247-996 D/TrackManager: track >> trafficContext: for eventName=adapt_tempid_retrieved, true, false
2025-02-14 04:51:25.084 10247-996 D/TMobileAdapterApi: get new tempId=Yzg2MzVjZDMtYWZmNC00MGM2LTg1YzgtMjIzMGIzMDMxZjY0
2025-02-14 04:51:25.085 10247-996 D/FeatureControl: getEnabledFeaturesImpl() called:Bundle[{OOBE=true, SILENT_PRELOAD=true, DIRECT_DOWNLOAD=true}]
2025-02-14 04:51:25.101 10247-933 D/AppLovinRandomIdRepository: getApplovinRandomId: otyb15LBamFaAwwk|1739537485096|c6e03924-444e-456c-a4c5-744920658962|sp
2025-02-14 04:51:25.101 10247-933 D/AppLovinRandomIdRepository: getDeviceId: 7db5ad2a-04eb-43b9-ba0d-d7b88c70ca37
2025-02-14 04:51:25.102 10247-933 D/: getValue: false
2025-02-14 04:51:25.103 10247-933 D/: getValue: 
2025-02-14 04:51:25.103 10247-933 D/: getValue: false
2025-02-14 04:51:25.111 10247-933 D/AppLovinRandomIdRepository: getApplovinRandomId: 1vdRGwo03YuB7Hpr|1739537485110|c6e03924-444e-456c-a4c5-744920658962|sp
2025-02-14 04:51:25.111 10247-933 D/: getValue: false
2025-02-14 04:51:25.112 10247-933 D/AppLovinRandomIdRepository: getDeviceId: 7db5ad2a-04eb-43b9-ba0d-d7b88c70ca37
2025-02-14 04:51:25.119 10247-985 D/TrackManager: track() called with: endpoint = [https://api.tracking.al-array.com/array/tracker/1.0/events], eventName = [aidl_get_apphub_version_code], parameters = [{feature=DirectDownload}]
2025-02-14 04:51:25.120 10247-933 I/AppHub: Task request endpoint:https://api.tracking.al-array.com/array/tracker/1.0/events
2025-02-14 04:51:25.122 10247-985 D/: getValue: false
2025-02-14 04:51:25.123 10247-985 D/TrackManager: track >> trafficContext: for eventName=aidl_get_apphub_version_code, true, false
2025-02-14 04:51:25.126 10247-933 E/AppHub: Failed to dispatch postback. Error code: -1009 URL: https://api.tracking.al-array.com/array/tracker/1.0/events, response: null
2025-02-14 04:51:25.126 10247-933 W/PersistentPostbackManager: Failed to submit postback with errorCode -1009. Will retry later...
2025-02-14 04:51:25.128 10247-963 D/TrackManager: track() called with: endpoint = [https://api.tracking.al-array.com/array/tracker/1.0/events], eventName = [aidl_get_random_user_token], parameters = [{feature=DirectDownload}]
2025-02-14 04:51:25.129 10247-963 D/: getValue: false
2025-02-14 04:51:25.130 10247-963 D/TrackManager: track >> trafficContext: for eventName=aidl_get_random_user_token, true, false
2025-02-14 04:51:25.142 10247-963 D/AppLovinRandomIdRepository: getApplovinRandomId: kxbn6pz9LdJRzGbc|1739537485134|c6e03924-444e-456c-a4c5-744920658962|sp
2025-02-14 04:51:25.144 10247-933 D/AppLovinRandomIdRepository: getApplovinRandomId: rLl2rFWqAE1Pkp2M|1739537485143|c6e03924-444e-456c-a4c5-744920658962|sp
2025-02-14 04:51:25.148 10247-932 D/AppLovinRandomIdRepository: getApplovinRandomId: 3sYRp5Bp1aqJdEOe|1739537485144|c6e03924-444e-456c-a4c5-744920658962|sp
2025-02-14 04:51:25.149 10247-933 D/AppLovinRandomIdRepository: getDeviceId: 7db5ad2a-04eb-43b9-ba0d-d7b88c70ca37
2025-02-14 04:51:25.149 10247-933 D/: getValue: false
2025-02-14 04:51:25.150 10247-933 D/: getValue: 
2025-02-14 04:51:25.151 10247-933 D/: getValue: false
2025-02-14 04:51:25.152 10247-932 D/AppLovinRandomIdRepository: getDeviceId: 7db5ad2a-04eb-43b9-ba0d-d7b88c70ca37
2025-02-14 04:51:25.155 10247-932 D/: getValue: false
2025-02-14 04:51:25.155 10247-932 D/: getValue: 
2025-02-14 04:51:25.184 10247-932 D/: getValue: false
2025-02-14 04:51:25.184 10247-933 D/AppLovinRandomIdRepository: getApplovinRandomId: woyLxkJydnifKi7x|1739537485157|c6e03924-444e-456c-a4c5-744920658962|sp
2025-02-14 04:51:25.185 10247-933 D/: getValue: false
2025-02-14 04:51:25.186 10247-933 D/AppLovinRandomIdRepository: getDeviceId: 7db5ad2a-04eb-43b9-ba0d-d7b88c70ca37
2025-02-14 04:51:25.187 10247-932 D/AppLovinRandomIdRepository: getApplovinRandomId: C6w6qtAAC9164Gv3|1739537485159|c6e03924-444e-456c-a4c5-744920658962|sp
2025-02-14 04:51:25.187 10247-932 D/: getValue: false
2025-02-14 04:51:25.187 10247-932 D/AppLovinRandomIdRepository: getDeviceId: 7db5ad2a-04eb-43b9-ba0d-d7b88c70ca37
2025-02-14 04:51:25.188 10247-933 I/AppHub: Task request endpoint:https://api.tracking.al-array.com/array/tracker/1.0/events
2025-02-14 04:51:25.188 10247-933 E/AppHub: Failed to dispatch postback. Error code: -1009 URL: https://api.tracking.al-array.com/array/tracker/1.0/events, response: null
2025-02-14 04:51:25.188 10247-933 W/PersistentPostbackManager: Failed to submit postback with errorCode -1009. Will retry later...
2025-02-14 04:51:25.189 10247-932 I/AppHub: Task request endpoint:https://api.tracking.al-array.com/array/tracker/1.0/events
2025-02-14 04:51:25.189 10247-932 E/AppHub: Failed to dispatch postback. Error code: -1009 URL: https://api.tracking.al-array.com/array/tracker/1.0/events, response: null
2025-02-14 04:51:25.189 10247-932 W/PersistentPostbackManager: Failed to submit postback with errorCode -1009. Will retry later...
2025-02-14 04:51:27.685 10247-2 D/AppLifeCycleProviderImpl: onScreenOn
2025-02-14 04:51:27.686 10247-2 W/AppLifeCycleProviderImpl: check update
2025-02-14 04:51:27.687 10247-2 I/AppLifeCycleProviderImpl: onReceive, action = android.intent.action.SCREEN_ON
2025-02-14 04:51:27.711 10247-998 I/RFixBundleInfo: notifyBundleUpdate
2025-02-14 04:51:27.722 10247-998 W/RFixBundleInfo: can not download patch config:null
2025-02-14 04:51:27.791 10247-917 D/AppHub: ApplicationInitializer : The default network changed network: 110
2025-02-14 04:51:47.345 10247-2 D/AppLifeCycleProviderImpl: onScreenOff
2025-02-14 04:51:47.346 10247-2 I/AppLifeCycleProviderImpl: onReceive, action = android.intent.action.SCREEN_OFF
2025-02-14 04:51:48.704 10247-2 D/AppLifeCycleProviderImpl: onScreenOn
2025-02-14 04:51:48.705 10247-2 W/AppLifeCycleProviderImpl: check update
2025-02-14 04:51:48.705 10247-2 I/AppLifeCycleProviderImpl: onReceive, action = android.intent.action.SCREEN_ON
2025-02-14 04:51:48.706 10247-999 I/RFixBundleInfo: notifyBundleUpdate
2025-02-14 04:51:48.743 10247-999 W/RFixBundleInfo: can not download patch config:null
2025-02-14 04:51:48.800 10247-917 D/AppHub: ApplicationInitializer : The default network changed network: 110
2025-02-14 04:51:49.491 10247-2 D/UserPresentBroadcastReceiver: onReceive() called with: context = [com.applovin.array.apphub.ShellApplication@bab825f], intent = [Intent { act=android.intent.action.USER_PRESENT flg=0x24200010 }]
2025-02-14 04:51:49.502 10247-2 D/AndroidDeviceUtil: isDeviceEncrypted() called with: storageEncryptionStatus = [5]
2025-02-14 04:51:49.503 10247-2 D/AndroidDeviceUtil: isUserUnlocked() called with: isUserUnlocked = [true]
2025-02-14 04:51:49.503 10247-2 D/AppHubApplicationDelegate: Application boot onCreate() called isDeviceEncrypted:true，isUserUnlocked：true
2025-02-14 04:51:49.507 10247-2 D/ScreenBroadcastReceiver: onReceive() called with: context = [com.applovin.array.apphub.ShellApplication@bab825f], intent = [Intent { act=android.intent.action.USER_PRESENT flg=0x24200010 }]
2025-02-14 04:51:49.508 10247-2 E/ScreenBroadcastReceiver: notification trigger fail
2025-02-14 04:51:49.509 10247-2 E/ScreenBroadcastReceiver: oobe=ConfigItem{name='oobe', enable=false, maxFrequency=0, timePeriod=0, uiType='null', intervals=[], repeatType='null', delay=false, settings=ConfigItemSettings{checkInterval=0, appCoolDown=0, duration=0, persistent=false, navBarDisable=false, waitDuration=0, existDuration=0, initialDelaySeconds=0, downloadApiInvokeTimeout=4000}}
2025-02-14 04:51:49.510 10247-2 E/ScreenBroadcastReceiver: os-update=ConfigItem{name='osUpdate', enable=false, maxFrequency=0, timePeriod=0, uiType='null', intervals=[], repeatType='null', delay=false, settings=ConfigItemSettings{checkInterval=0, appCoolDown=0, duration=0, persistent=false, navBarDisable=false, waitDuration=0, existDuration=0, initialDelaySeconds=0, downloadApiInvokeTimeout=4000}}
2025-02-14 04:51:49.510 10247-2 D/PluginManager: getPlugin() called with: cl = [com.applovin.array.plugin.IDiscoveryPlugin:com.applovin.oem.discovery.plugin.DiscoveryPlugin@2da2c23
2025-02-14 04:51:49.511 10247-2 D/ReminderNotificationProvider: checkAndShowReminderPopup() called
2025-02-14 04:51:49.511 10247-2 D/OOBEManager: tryShowOOBEPopup() called
2025-02-14 04:51:49.512 10247-2 D/: getValue: false
2025-02-14 04:51:49.512 10247-2 D/: getValue: false
2025-02-14 04:51:49.513 10247-2 D/OOBEManager: tryShowOptInPopUp() called
2025-02-14 04:51:49.513 10247-2 D/: getValue: false
2025-02-14 04:51:49.514 10247-2 D/: getValue: false
2025-02-14 04:51:49.514 10247-2 D/PeriodicManager: tryShowPeriodicRecommendation() called
2025-02-14 04:51:49.515 10247-2 D/: getValue: false
2025-02-14 04:51:49.515 10247-1000 D/SelfUpdateChecker: -startCheckSelfUpdateFlow()  : forceSelfUpdate:false,isOOBEStarted:false,isNeedSelfUpdate:false,isAllowMobileNetwork:false,isDeviceWifiNetwork:true
2025-02-14 04:51:57.795 10247-917 D/AppHub: ApplicationInitializer : The default network changed network: 110
2025-02-14 04:52:06.817 10247-917 D/AppHub: ApplicationInitializer : The default network changed network: 110
2025-02-14 04:52:30.909 10247-917 D/AppHub: ApplicationInitializer : The default network changed network: 110
2025-02-14 04:52:45.987 10247-917 D/AppHub: ApplicationInitializer : The default network changed network: 110
2025-02-14 04:53:56.726 10247-2 D/AppLifeCycleProviderImpl: onScreenOff
2025-02-14 04:53:56.727 10247-2 I/AppLifeCycleProviderImpl: onReceive, action = android.intent.action.SCREEN_OFF
2025-02-14 04:53:57.745 10247-2 D/AppLifeCycleProviderImpl: onScreenOn
2025-02-14 04:53:57.746 10247-2 W/AppLifeCycleProviderImpl: check update
2025-02-14 04:53:57.746 10247-2 I/AppLifeCycleProviderImpl: onReceive, action = android.intent.action.SCREEN_ON
2025-02-14 04:53:57.839 10247-2 D/UserPresentBroadcastReceiver: onReceive() called with: context = [com.applovin.array.apphub.ShellApplication@bab825f], intent = [Intent { act=android.intent.action.USER_PRESENT flg=0x24200010 }]
2025-02-14 04:53:57.859 10247-2 D/AndroidDeviceUtil: isDeviceEncrypted() called with: storageEncryptionStatus = [5]
2025-02-14 04:53:57.859 10247-2 D/AndroidDeviceUtil: isUserUnlocked() called with: isUserUnlocked = [true]
2025-02-14 04:53:57.860 10247-2 D/AppHubApplicationDelegate: Application boot onCreate() called isDeviceEncrypted:true，isUserUnlocked：true
2025-02-14 04:53:57.860 10247-2 D/ScreenBroadcastReceiver: onReceive() called with: context = [com.applovin.array.apphub.ShellApplication@bab825f], intent = [Intent { act=android.intent.action.USER_PRESENT flg=0x24200010 }]
2025-02-14 04:53:57.860 10247-2 E/ScreenBroadcastReceiver: notification trigger fail
2025-02-14 04:53:57.861 10247-2 E/ScreenBroadcastReceiver: oobe=ConfigItem{name='oobe', enable=false, maxFrequency=0, timePeriod=0, uiType='null', intervals=[], repeatType='null', delay=false, settings=ConfigItemSettings{checkInterval=0, appCoolDown=0, duration=0, persistent=false, navBarDisable=false, waitDuration=0, existDuration=0, initialDelaySeconds=0, downloadApiInvokeTimeout=4000}}
2025-02-14 04:53:57.862 10247-2 E/ScreenBroadcastReceiver: os-update=ConfigItem{name='osUpdate', enable=false, maxFrequency=0, timePeriod=0, uiType='null', intervals=[], repeatType='null', delay=false, settings=ConfigItemSettings{checkInterval=0, appCoolDown=0, duration=0, persistent=false, navBarDisable=false, waitDuration=0, existDuration=0, initialDelaySeconds=0, downloadApiInvokeTimeout=4000}}
2025-02-14 04:53:57.862 10247-2 D/PluginManager: getPlugin() called with: cl = [com.applovin.array.plugin.IDiscoveryPlugin:com.applovin.oem.discovery.plugin.DiscoveryPlugin@2da2c23
2025-02-14 04:53:57.864 10247-2 D/ReminderNotificationProvider: checkAndShowReminderPopup() called
2025-02-14 04:53:57.864 10247-2 D/OOBEManager: tryShowOOBEPopup() called
2025-02-14 04:53:57.865 10247-2 D/: getValue: false
2025-02-14 04:53:57.866 10247-2 D/: getValue: false
2025-02-14 04:53:57.866 10247-2 D/OOBEManager: tryShowOptInPopUp() called
2025-02-14 04:53:57.867 10247-2 D/: getValue: false
2025-02-14 04:53:57.867 10247-2 D/: getValue: false
2025-02-14 04:53:57.868 10247-2 D/PeriodicManager: tryShowPeriodicRecommendation() called
2025-02-14 04:53:57.877 10247-2 D/: getValue: false
2025-02-14 04:53:57.896 10247-1001 I/RFixBundleInfo: notifyBundleUpdate
2025-02-14 04:53:57.949 10247-917 D/AppHub: ApplicationInitializer : The default network changed network: 110
2025-02-14 04:53:57.992 10247-1002 D/SelfUpdateChecker: -startCheckSelfUpdateFlow()  : forceSelfUpdate:false,isOOBEStarted:false,isNeedSelfUpdate:false,isAllowMobileNetwork:false,isDeviceWifiNetwork:true
2025-02-14 04:53:58.803 10247-1001 W/RFixBundleInfo: can not download patch config:null
2025-02-14 05:01:40.948 10247-2 D/AppLifeCycleProviderImpl: onScreenOff
2025-02-14 05:01:40.955 10247-2 I/AppLifeCycleProviderImpl: onReceive, action = android.intent.action.SCREEN_OFF
2025-02-14 05:01:55.370 10247-963 D/FeatureControl: getEnabledFeaturesTimeout() called
2025-02-14 05:01:55.392 10247-1004 D/TMobileAdapterApi: The version number of the adapter is=3420099
2025-02-14 05:01:55.394 10247-1004 D/TrackManager: track() called with: endpoint = [https://api.tracking.al-array.com/array/tracker/1.0/events], eventName = [aidl_get_enabled_features], parameters = [{feature=DirectDownload, tmobile_adapt_version=3420099}]
2025-02-14 05:01:55.405 10247-1004 D/: getValue: false
2025-02-14 05:01:55.410 10247-1004 D/TrackManager: track >> trafficContext: for eventName=aidl_get_enabled_features, true, false
2025-02-14 05:01:55.458 10247-1004 D/TMobileAdapterApi: isAdaptEnable() called com.tmobile.pr.adapt:3420099
2025-02-14 05:01:55.459 10247-1004 D/TMobileAdapterApi: tempId is expired: SystemClock.elapsedRealtime():91606749, tempIdLastRequestTime:90976371, getTempIdCacheTime: 150000
2025-02-14 05:01:55.459 10247-1004 D/TMobileAdapterApi: tempId is expired: SystemClock.elapsedRealtime():91606749, tempIdLastRequestTime:90976371, getTempIdCacheTime: 150000
2025-02-14 05:01:55.459 10247-1004 D/TMobileAdapterApi: try call adapt to get new tempId
2025-02-14 05:01:55.460 10247-1004 D/TrackManager: track() called with: endpoint = [https://api.tracking.al-array.com/array/tracker/1.0/events], eventName = [adapt_tempid_start_retrieve], parameters = [{adapt_trace_id=b63836c5-2216-44da-b61d-6c0e8f3dcb3f}]
2025-02-14 05:01:55.460 10247-1004 D/: getValue: false
2025-02-14 05:01:55.460 10247-1004 D/TrackManager: track >> trafficContext: for eventName=adapt_tempid_start_retrieve, true, false
2025-02-14 05:01:55.463 10247-921 D/AppLovinRandomIdRepository: getApplovinRandomId: ZL757HVO7iNa4mAn|1739538115460|c6e03924-444e-456c-a4c5-744920658962|sp
2025-02-14 05:01:55.464 10247-921 D/AppLovinRandomIdRepository: getDeviceId: 7db5ad2a-04eb-43b9-ba0d-d7b88c70ca37
2025-02-14 05:01:55.464 10247-921 D/: getValue: false
2025-02-14 05:01:55.465 10247-921 D/: getValue: 
2025-02-14 05:01:55.465 10247-921 D/: getValue: false
2025-02-14 05:01:55.471 10247-922 D/AppLovinRandomIdRepository: getApplovinRandomId: NwVycE2s5y3djNzc|1739538115470|c6e03924-444e-456c-a4c5-744920658962|sp
2025-02-14 05:01:55.472 10247-922 D/AppLovinRandomIdRepository: getDeviceId: 7db5ad2a-04eb-43b9-ba0d-d7b88c70ca37
2025-02-14 05:01:55.472 10247-922 D/: getValue: false
2025-02-14 05:01:55.473 10247-922 D/: getValue: 
2025-02-14 05:01:55.474 10247-922 D/: getValue: false
2025-02-14 05:01:55.484 10247-922 D/AppLovinRandomIdRepository: getApplovinRandomId: pIGAg77wOJIkDWOz|1739538115483|c6e03924-444e-456c-a4c5-744920658962|sp
2025-02-14 05:01:55.484 10247-922 D/: getValue: false
2025-02-14 05:01:55.485 10247-921 D/AppLovinRandomIdRepository: getApplovinRandomId: 40kD2zjMKXAHeJNg|1739538115484|c6e03924-444e-456c-a4c5-744920658962|sp
2025-02-14 05:01:55.486 10247-921 D/: getValue: false
2025-02-14 05:01:55.487 10247-922 D/AppLovinRandomIdRepository: getDeviceId: 7db5ad2a-04eb-43b9-ba0d-d7b88c70ca37
2025-02-14 05:01:55.487 10247-921 D/AppLovinRandomIdRepository: getDeviceId: 7db5ad2a-04eb-43b9-ba0d-d7b88c70ca37
2025-02-14 05:01:55.509 10247-921 I/AppHub: Task request endpoint:https://api.tracking.al-array.com/array/tracker/1.0/events
2025-02-14 05:01:55.513 10247-922 I/AppHub: Task request endpoint:https://api.tracking.al-array.com/array/tracker/1.0/events
2025-02-14 05:01:55.535 10247-922 E/AppHub: Failed to dispatch postback. Error code: -1009 URL: https://api.tracking.al-array.com/array/tracker/1.0/events, response: null
2025-02-14 05:01:55.536 10247-922 W/PersistentPostbackManager: Failed to submit postback with errorCode -1009. Will retry later...
2025-02-14 05:01:55.536 10247-921 E/AppHub: Failed to dispatch postback. Error code: -1009 URL: https://api.tracking.al-array.com/array/tracker/1.0/events, response: null
2025-02-14 05:01:55.537 10247-921 W/PersistentPostbackManager: Failed to submit postback with errorCode -1009. Will retry later...
2025-02-14 05:01:56.523 10247-1004 D/TrackManager: track() called with: endpoint = [https://api.tracking.al-array.com/array/tracker/1.0/events], eventName = [adapt_tempid_retrieved], parameters = [{adapt_trace_id=b63836c5-2216-44da-b61d-6c0e8f3dcb3f, retry=0}]
2025-02-14 05:01:56.523 10247-1004 D/: getValue: false
2025-02-14 05:01:56.524 10247-1004 D/TrackManager: track >> trafficContext: for eventName=adapt_tempid_retrieved, true, false
2025-02-14 05:01:56.524 10247-1004 D/TMobileAdapterApi: get new tempId=Yzg2MzVjZDMtYWZmNC00MGM2LTg1YzgtMjIzMGIzMDMxZjY0
2025-02-14 05:01:56.526 10247-1004 D/FeatureControl: getEnabledFeaturesImpl() called:Bundle[{OOBE=true, SILENT_PRELOAD=true, DIRECT_DOWNLOAD=true}]
2025-02-14 05:01:56.535 10247-932 D/AppLovinRandomIdRepository: getApplovinRandomId: tgRnVQ2zHdr4FAOT|1739538116533|c6e03924-444e-456c-a4c5-744920658962|sp
2025-02-14 05:01:56.535 10247-932 D/AppLovinRandomIdRepository: getDeviceId: 7db5ad2a-04eb-43b9-ba0d-d7b88c70ca37
2025-02-14 05:01:56.536 10247-932 D/: getValue: false
2025-02-14 05:01:56.536 10247-932 D/: getValue: 
2025-02-14 05:01:56.537 10247-932 D/: getValue: false
2025-02-14 05:01:56.537 10247-863 D/TrackManager: track() called with: endpoint = [https://api.tracking.al-array.com/array/tracker/1.0/events], eventName = [aidl_get_apphub_version_code], parameters = [{feature=DirectDownload}]
2025-02-14 05:01:56.541 10247-863 D/: getValue: false
2025-02-14 05:01:56.541 10247-863 D/TrackManager: track >> trafficContext: for eventName=aidl_get_apphub_version_code, true, false
2025-02-14 05:01:56.542 10247-963 D/TrackManager: track() called with: endpoint = [https://api.tracking.al-array.com/array/tracker/1.0/events], eventName = [aidl_get_random_user_token], parameters = [{feature=DirectDownload}]
2025-02-14 05:01:56.542 10247-963 D/: getValue: false
2025-02-14 05:01:56.543 10247-963 D/TrackManager: track >> trafficContext: for eventName=aidl_get_random_user_token, true, false
2025-02-14 05:01:56.544 10247-963 D/AppLovinRandomIdRepository: getApplovinRandomId: dtIsc9exZeCho829|1739538116543|c6e03924-444e-456c-a4c5-744920658962|sp
2025-02-14 05:01:56.547 10247-933 D/AppLovinRandomIdRepository: getApplovinRandomId: FlsKEhvVQXcjUvHa|1739538116544|c6e03924-444e-456c-a4c5-744920658962|sp
2025-02-14 05:01:56.548 10247-930 D/AppLovinRandomIdRepository: getApplovinRandomId: whN9Bag7ByAeQ0hL|1739538116545|c6e03924-444e-456c-a4c5-744920658962|sp
2025-02-14 05:01:56.548 10247-933 D/AppLovinRandomIdRepository: getDeviceId: 7db5ad2a-04eb-43b9-ba0d-d7b88c70ca37
2025-02-14 05:01:56.549 10247-930 D/AppLovinRandomIdRepository: getDeviceId: 7db5ad2a-04eb-43b9-ba0d-d7b88c70ca37
2025-02-14 05:01:56.549 10247-933 D/: getValue: false
2025-02-14 05:01:56.550 10247-930 D/: getValue: false
2025-02-14 05:01:56.550 10247-930 D/: getValue: 
2025-02-14 05:01:56.550 10247-933 D/: getValue: 
2025-02-14 05:01:56.551 10247-933 D/: getValue: false
2025-02-14 05:01:56.552 10247-930 D/: getValue: false
2025-02-14 05:01:56.552 10247-932 D/AppLovinRandomIdRepository: getApplovinRandomId: ZCkiVwPquRrrL69t|1739538116549|c6e03924-444e-456c-a4c5-744920658962|sp
2025-02-14 05:01:56.552 10247-932 D/: getValue: false
2025-02-14 05:01:56.553 10247-932 D/AppLovinRandomIdRepository: getDeviceId: 7db5ad2a-04eb-43b9-ba0d-d7b88c70ca37
2025-02-14 05:01:56.557 10247-930 D/AppLovinRandomIdRepository: getApplovinRandomId: Ej5gtks9IW2C3IQe|1739538116555|c6e03924-444e-456c-a4c5-744920658962|sp
2025-02-14 05:01:56.557 10247-930 D/: getValue: false
2025-02-14 05:01:56.558 10247-930 D/AppLovinRandomIdRepository: getDeviceId: 7db5ad2a-04eb-43b9-ba0d-d7b88c70ca37
2025-02-14 05:01:56.559 10247-933 D/AppLovinRandomIdRepository: getApplovinRandomId: 2NLbWR2z4NPj1q0t|1739538116558|c6e03924-444e-456c-a4c5-744920658962|sp
2025-02-14 05:01:56.559 10247-933 D/: getValue: false
2025-02-14 05:01:56.560 10247-933 D/AppLovinRandomIdRepository: getDeviceId: 7db5ad2a-04eb-43b9-ba0d-d7b88c70ca37
2025-02-14 05:01:56.564 10247-932 I/AppHub: Task request endpoint:https://api.tracking.al-array.com/array/tracker/1.0/events
2025-02-14 05:01:56.568 10247-932 E/AppHub: Failed to dispatch postback. Error code: -1009 URL: https://api.tracking.al-array.com/array/tracker/1.0/events, response: null
2025-02-14 05:01:56.568 10247-932 W/PersistentPostbackManager: Failed to submit postback with errorCode -1009. Will retry later...
2025-02-14 05:01:56.578 10247-921 I/AppHub: Task request endpoint:https://api.tracking.al-array.com/array/tracker/1.0/events
2025-02-14 05:01:56.581 10247-921 E/AppHub: Failed to dispatch postback. Error code: -1009 URL: https://api.tracking.al-array.com/array/tracker/1.0/events, response: null
2025-02-14 05:01:56.582 10247-921 W/PersistentPostbackManager: Failed to submit postback with errorCode -1009. Will retry later...
2025-02-14 05:01:56.596 10247-921 I/AppHub: Task request endpoint:https://api.tracking.al-array.com/array/tracker/1.0/events
2025-02-14 05:01:56.599 10247-921 E/AppHub: Failed to dispatch postback. Error code: -1009 URL: https://api.tracking.al-array.com/array/tracker/1.0/events, response: null
2025-02-14 05:01:56.599 10247-921 W/PersistentPostbackManager: Failed to submit postback with errorCode -1009. Will retry later...
2025-02-14 05:02:07.401 10247-2 D/AppLifeCycleProviderImpl: onScreenOn
2025-02-14 05:02:07.402 10247-2 W/AppLifeCycleProviderImpl: check update
2025-02-14 05:02:07.403 10247-2 I/AppLifeCycleProviderImpl: onReceive, action = android.intent.action.SCREEN_ON
2025-02-14 05:02:07.419 10247-1006 I/RFixBundleInfo: notifyBundleUpdate
2025-02-14 05:02:07.488 10247-917 D/AppHub: ApplicationInitializer : The default network changed network: 110
2025-02-14 05:02:07.921 10247-1006 W/RFixBundleInfo: can not download patch config:null
2025-02-14 05:02:09.156 10247-2 D/UserPresentBroadcastReceiver: onReceive() called with: context = [com.applovin.array.apphub.ShellApplication@bab825f], intent = [Intent { act=android.intent.action.USER_PRESENT flg=0x24200010 }]
2025-02-14 05:02:09.175 10247-2 D/AndroidDeviceUtil: isDeviceEncrypted() called with: storageEncryptionStatus = [5]
2025-02-14 05:02:09.176 10247-2 D/AndroidDeviceUtil: isUserUnlocked() called with: isUserUnlocked = [true]
2025-02-14 05:02:09.176 10247-2 D/AppHubApplicationDelegate: Application boot onCreate() called isDeviceEncrypted:true，isUserUnlocked：true
2025-02-14 05:02:09.179 10247-2 D/ScreenBroadcastReceiver: onReceive() called with: context = [com.applovin.array.apphub.ShellApplication@bab825f], intent = [Intent { act=android.intent.action.USER_PRESENT flg=0x24200010 }]
2025-02-14 05:02:09.180 10247-2 E/ScreenBroadcastReceiver: notification trigger fail
2025-02-14 05:02:09.180 10247-2 E/ScreenBroadcastReceiver: oobe=ConfigItem{name='oobe', enable=false, maxFrequency=0, timePeriod=0, uiType='null', intervals=[], repeatType='null', delay=false, settings=ConfigItemSettings{checkInterval=0, appCoolDown=0, duration=0, persistent=false, navBarDisable=false, waitDuration=0, existDuration=0, initialDelaySeconds=0, downloadApiInvokeTimeout=4000}}
2025-02-14 05:02:09.181 10247-2 E/ScreenBroadcastReceiver: os-update=ConfigItem{name='osUpdate', enable=false, maxFrequency=0, timePeriod=0, uiType='null', intervals=[], repeatType='null', delay=false, settings=ConfigItemSettings{checkInterval=0, appCoolDown=0, duration=0, persistent=false, navBarDisable=false, waitDuration=0, existDuration=0, initialDelaySeconds=0, downloadApiInvokeTimeout=4000}}
2025-02-14 05:02:09.184 10247-2 D/PluginManager: getPlugin() called with: cl = [com.applovin.array.plugin.IDiscoveryPlugin:com.applovin.oem.discovery.plugin.DiscoveryPlugin@2da2c23
2025-02-14 05:02:09.193 10247-2 D/ReminderNotificationProvider: checkAndShowReminderPopup() called
2025-02-14 05:02:09.193 10247-2 D/OOBEManager: tryShowOOBEPopup() called
2025-02-14 05:02:09.194 10247-2 D/: getValue: false
2025-02-14 05:02:09.194 10247-2 D/: getValue: false
2025-02-14 05:02:09.194 10247-2 D/OOBEManager: tryShowOptInPopUp() called
2025-02-14 05:02:09.195 10247-2 D/: getValue: false
2025-02-14 05:02:09.195 10247-2 D/: getValue: false
2025-02-14 05:02:09.198 10247-2 D/PeriodicManager: tryShowPeriodicRecommendation() called
2025-02-14 05:02:09.199 10247-2 D/: getValue: false
2025-02-14 05:02:09.253 10247-1008 D/SelfUpdateChecker: -startCheckSelfUpdateFlow()  : forceSelfUpdate:false,isOOBEStarted:false,isNeedSelfUpdate:false,isAllowMobileNetwork:false,isDeviceWifiNetwork:true
2025-02-14 05:02:19.063 10247-2 D/AndroidDeviceUtil: isDeviceEncrypted() called with: storageEncryptionStatus = [5]
2025-02-14 05:02:19.064 10247-2 D/AndroidDeviceUtil: isUserUnlocked() called with: isUserUnlocked = [true]
2025-02-14 05:02:19.065 10247-2 D/AppHubApplicationDelegate: Application boot onCreate() called isDeviceEncrypted:true，isUserUnlocked：true
2025-02-14 05:02:31.170 10247-985 D/FeatureControl: getEnabledFeaturesTimeout() called
2025-02-14 05:02:31.190 10247-1009 D/TMobileAdapterApi: The version number of the adapter is=3420099
2025-02-14 05:02:31.191 10247-1009 D/TrackManager: track() called with: endpoint = [https://api.tracking.al-array.com/array/tracker/1.0/events], eventName = [aidl_get_enabled_features], parameters = [{feature=DirectDownload, tmobile_adapt_version=3420099}]
2025-02-14 05:02:31.195 10247-1009 D/: getValue: false
2025-02-14 05:02:31.196 10247-1009 D/TrackManager: track >> trafficContext: for eventName=aidl_get_enabled_features, true, false
2025-02-14 05:02:31.212 10247-1009 D/TMobileAdapterApi: isAdaptEnable() called com.tmobile.pr.adapt:3420099
2025-02-14 05:02:31.213 10247-1009 D/FeatureControl: getEnabledFeaturesImpl() called:Bundle[{OOBE=true, SILENT_PRELOAD=true, DIRECT_DOWNLOAD=true}]
2025-02-14 05:02:31.217 10247-985 D/TrackManager: track() called with: endpoint = [https://api.tracking.al-array.com/array/tracker/1.0/events], eventName = [aidl_get_apphub_version_code], parameters = [{feature=DirectDownload}]
2025-02-14 05:02:31.218 10247-985 D/: getValue: false
2025-02-14 05:02:31.219 10247-985 D/TrackManager: track >> trafficContext: for eventName=aidl_get_apphub_version_code, true, false
2025-02-14 05:02:31.220 10247-933 D/AppLovinRandomIdRepository: getApplovinRandomId: VEDzYPlfCqEMFBJe|1739538151218|c6e03924-444e-456c-a4c5-744920658962|sp
2025-02-14 05:02:31.220 10247-933 D/AppLovinRandomIdRepository: getDeviceId: 7db5ad2a-04eb-43b9-ba0d-d7b88c70ca37
2025-02-14 05:02:31.220 10247-933 D/: getValue: false
2025-02-14 05:02:31.221 10247-933 D/: getValue: 
2025-02-14 05:02:31.227 10247-963 D/TrackManager: track() called with: endpoint = [https://api.tracking.al-array.com/array/tracker/1.0/events], eventName = [aidl_get_random_user_token], parameters = [{feature=DirectDownload}]
2025-02-14 05:02:31.227 10247-933 D/: getValue: false
2025-02-14 05:02:31.228 10247-963 D/: getValue: false
2025-02-14 05:02:31.228 10247-963 D/TrackManager: track >> trafficContext: for eventName=aidl_get_random_user_token, true, false
2025-02-14 05:02:31.228 10247-963 D/AppLovinRandomIdRepository: getApplovinRandomId: ZgZkcY11sCTcWDSN|1739538151221|c6e03924-444e-456c-a4c5-744920658962|sp
2025-02-14 05:02:31.228 10247-930 D/AppLovinRandomIdRepository: getApplovinRandomId: edZMhkqfcuFSBELG|1739538151227|c6e03924-444e-456c-a4c5-744920658962|sp
2025-02-14 05:02:31.228 10247-930 D/AppLovinRandomIdRepository: getDeviceId: 7db5ad2a-04eb-43b9-ba0d-d7b88c70ca37
2025-02-14 05:02:31.229 10247-930 D/: getValue: false
2025-02-14 05:02:31.229 10247-930 D/: getValue: 
2025-02-14 05:02:31.229 10247-930 D/: getValue: false
2025-02-14 05:02:31.234 10247-921 D/AppLovinRandomIdRepository: getApplovinRandomId: QXzo4e1hU2mjspl5|1739538151233|c6e03924-444e-456c-a4c5-744920658962|sp
2025-02-14 05:02:31.235 10247-921 D/AppLovinRandomIdRepository: getDeviceId: 7db5ad2a-04eb-43b9-ba0d-d7b88c70ca37
2025-02-14 05:02:31.235 10247-921 D/: getValue: false
2025-02-14 05:02:31.236 10247-921 D/: getValue: 
2025-02-14 05:02:31.236 10247-921 D/: getValue: false
2025-02-14 05:02:31.240 10247-933 D/AppLovinRandomIdRepository: getApplovinRandomId: H3e43PIcBrRdcmfq|1739538151237|c6e03924-444e-456c-a4c5-744920658962|sp
2025-02-14 05:02:31.240 10247-933 D/: getValue: false
2025-02-14 05:02:31.241 10247-933 D/AppLovinRandomIdRepository: getDeviceId: 7db5ad2a-04eb-43b9-ba0d-d7b88c70ca37
2025-02-14 05:02:31.242 10247-930 D/AppLovinRandomIdRepository: getApplovinRandomId: Od87dUpLyJOcZI9w|1739538151238|c6e03924-444e-456c-a4c5-744920658962|sp
2025-02-14 05:02:31.242 10247-930 D/: getValue: false
2025-02-14 05:02:31.242 10247-930 D/AppLovinRandomIdRepository: getDeviceId: 7db5ad2a-04eb-43b9-ba0d-d7b88c70ca37
2025-02-14 05:02:31.248 10247-921 D/AppLovinRandomIdRepository: getApplovinRandomId: VkOGKljZxn9UeKSP|1739538151246|c6e03924-444e-456c-a4c5-744920658962|sp
2025-02-14 05:02:31.249 10247-921 D/: getValue: false
2025-02-14 05:02:31.249 10247-921 D/AppLovinRandomIdRepository: getDeviceId: 7db5ad2a-04eb-43b9-ba0d-d7b88c70ca37
2025-02-14 05:02:31.255 10247-933 I/AppHub: Task request endpoint:https://api.tracking.al-array.com/array/tracker/1.0/events
2025-02-14 05:02:31.276 10247-933 E/AppHub: Failed to dispatch postback. Error code: -1009 URL: https://api.tracking.al-array.com/array/tracker/1.0/events, response: null
2025-02-14 05:02:31.277 10247-933 W/PersistentPostbackManager: Failed to submit postback with errorCode -1009. Will retry later...
2025-02-14 05:02:31.282 10247-921 I/AppHub: Task request endpoint:https://api.tracking.al-array.com/array/tracker/1.0/events
2025-02-14 05:02:31.287 10247-921 E/AppHub: Failed to dispatch postback. Error code: -1009 URL: https://api.tracking.al-array.com/array/tracker/1.0/events, response: null
2025-02-14 05:02:31.287 10247-921 W/PersistentPostbackManager: Failed to submit postback with errorCode -1009. Will retry later...
2025-02-14 05:02:31.291 10247-932 I/AppHub: Task request endpoint:https://api.tracking.al-array.com/array/tracker/1.0/events
2025-02-14 05:02:31.294 10247-932 E/AppHub: Failed to dispatch postback. Error code: -1009 URL: https://api.tracking.al-array.com/array/tracker/1.0/events, response: null
2025-02-14 05:02:31.294 10247-932 W/PersistentPostbackManager: Failed to submit postback with errorCode -1009. Will retry later...
2025-02-14 05:06:43.549 10247-917 D/AppHub: ApplicationInitializer : The default network changed network: 110
