2025-02-13 23:02:34.102 22395-895 I/AppHub: Task request endpoint:https://api.tracking.al-array.com/array/tracker/1.0/events
2025-02-13 23:02:35.337 22395-898 W/AppHub: Unable to send request due to server failure (code -1001). 4 attempts left, retrying in 10 seconds...
2025-02-13 23:02:35.337 22395-898 I/AppHub: Task request endpoint:https://api.tracking.al-array.com/array/tracker/1.0/events
2025-02-13 23:02:35.365 22395-896 W/AppHub: Unable to send request due to server failure (code -1001). 3 attempts left, retrying in 10 seconds...
2025-02-13 23:02:35.365 22395-896 I/AppHub: Task request endpoint:https://api.tracking.al-array.com/array/tracker/1.0/events
2025-02-13 23:02:35.376 22395-887 W/AppHub: Unable to send request due to server failure (code -1001). 3 attempts left, retrying in 10 seconds...
2025-02-13 23:02:35.377 22395-887 I/AppHub: Task request endpoint:https://api.tracking.al-array.com/array/tracker/1.0/events
2025-02-13 23:02:35.446 22395-891 W/AppHub: Unable to send request due to server failure (code -1001). 4 attempts left, retrying in 10 seconds...
2025-02-13 23:02:35.466 22395-891 D/AppLovinRandomIdRepository: getApplovinRandomId: 0BcVhDSSPbgkl5Ve|1739516555465|c6e03924-444e-456c-a4c5-744920658962|sp
2025-02-13 23:02:35.467 22395-891 D/AppLovinRandomIdRepository: getDeviceId: 7db5ad2a-04eb-43b9-ba0d-d7b88c70ca37
2025-02-13 23:02:35.467 22395-891 D/: getValue: false
2025-02-13 23:02:35.468 22395-891 D/: getValue: 
2025-02-13 23:02:35.468 22395-891 D/: getValue: false
2025-02-13 23:02:35.490 22395-891 D/AppLovinRandomIdRepository: getApplovinRandomId: ZODp2jfBa3WWmr1J|1739516555489|c6e03924-444e-456c-a4c5-744920658962|sp
2025-02-13 23:02:35.490 22395-891 D/: getValue: false
2025-02-13 23:02:35.491 22395-891 D/AppLovinRandomIdRepository: getDeviceId: 7db5ad2a-04eb-43b9-ba0d-d7b88c70ca37
2025-02-13 23:02:35.500 22395-891 D/AppLovinRandomIdRepository: getApplovinRandomId: fCXzfZ9ZX2PiNgQ3|1739516555499|c6e03924-444e-456c-a4c5-744920658962|sp
2025-02-13 23:02:35.501 22395-891 D/AppLovinRandomIdRepository: getDeviceId: 7db5ad2a-04eb-43b9-ba0d-d7b88c70ca37
2025-02-13 23:02:35.501 22395-891 D/: getValue: false
2025-02-13 23:02:35.502 22395-891 D/: getValue: 
2025-02-13 23:02:35.502 22395-891 D/: getValue: false
2025-02-13 23:02:35.514 22395-891 D/AppLovinRandomIdRepository: getApplovinRandomId: Pjske7UTEt1DwZOs|1739516555513|c6e03924-444e-456c-a4c5-744920658962|sp
2025-02-13 23:02:35.515 22395-891 D/: getValue: false
2025-02-13 23:02:35.515 22395-891 D/AppLovinRandomIdRepository: getDeviceId: 7db5ad2a-04eb-43b9-ba0d-d7b88c70ca37
2025-02-13 23:02:35.534 22395-891 D/AppLovinRandomIdRepository: getApplovinRandomId: z2KVvtvoKRks5XlN|1739516555531|c6e03924-444e-456c-a4c5-744920658962|sp
2025-02-13 23:02:35.535 22395-891 D/AppLovinRandomIdRepository: getDeviceId: 7db5ad2a-04eb-43b9-ba0d-d7b88c70ca37
2025-02-13 23:02:35.535 22395-891 D/: getValue: false
2025-02-13 23:02:35.536 22395-891 D/: getValue: 
2025-02-13 23:02:35.536 22395-891 D/: getValue: false
2025-02-13 23:02:35.547 22395-891 D/AppLovinRandomIdRepository: getApplovinRandomId: Jgl9RAzXTjlvjtfA|1739516555546|c6e03924-444e-456c-a4c5-744920658962|sp
2025-02-13 23:02:35.548 22395-891 D/: getValue: false
2025-02-13 23:02:35.548 22395-891 D/AppLovinRandomIdRepository: getDeviceId: 7db5ad2a-04eb-43b9-ba0d-d7b88c70ca37
2025-02-13 23:02:35.548 22395-891 I/AppHub: Task request endpoint:https://api.tracking.al-array.com/array/tracker/1.0/events
2025-02-13 23:02:44.114 22395-895 W/AppHub: Unable to send request due to server failure (code -1001). 4 attempts left, retrying in 10 seconds...
2025-02-13 23:02:44.115 22395-895 I/AppHub: Task request endpoint:https://api.tracking.al-array.com/array/tracker/1.0/events
2025-02-13 23:02:44.125 22395-895 E/AppHub: Failed to dispatch postback. Error code: -1009 URL: https://api.tracking.al-array.com/array/tracker/1.0/events, response: null
2025-02-13 23:02:44.125 22395-895 W/PersistentPostbackManager: Failed to submit postback with errorCode -1009. Will retry later...
2025-02-13 23:02:44.125 22395-895 I/AppHub: Task request endpoint:https://api.tracking.al-array.com/array/tracker/1.0/events
2025-02-13 23:02:44.129 22395-895 E/AppHub: Failed to dispatch postback. Error code: -1009 URL: https://api.tracking.al-array.com/array/tracker/1.0/events, response: null
2025-02-13 23:02:44.129 22395-895 W/PersistentPostbackManager: Failed to submit postback with errorCode -1009. Will retry later...
2025-02-13 23:02:44.130 22395-895 I/AppHub: Task request endpoint:https://api.tracking.al-array.com/array/tracker/1.0/events
2025-02-13 23:02:44.132 22395-895 E/AppHub: Failed to dispatch postback. Error code: -1009 URL: https://api.tracking.al-array.com/array/tracker/1.0/events, response: null
2025-02-13 23:02:44.133 22395-895 W/PersistentPostbackManager: Failed to submit postback with errorCode -1009. Will retry later...
2025-02-13 23:02:44.133 22395-895 I/AppHub: Task request endpoint:https://api.tracking.al-array.com/array/tracker/1.0/events
2025-02-13 23:02:44.134 22395-895 E/AppHub: Failed to dispatch postback. Error code: -1009 URL: https://api.tracking.al-array.com/array/tracker/1.0/events, response: null
2025-02-13 23:02:44.135 22395-895 W/PersistentPostbackManager: Failed to submit postback with errorCode -1009. Will retry later...
2025-02-13 23:02:44.175 22395-895 I/AppHub: Task request endpoint:https://api.tracking.al-array.com/array/tracker/1.0/events
2025-02-13 23:02:44.180 22395-895 E/AppHub: Failed to dispatch postback. Error code: -1009 URL: https://api.tracking.al-array.com/array/tracker/1.0/events, response: null
2025-02-13 23:02:44.181 22395-895 W/PersistentPostbackManager: Failed to submit postback with errorCode -1009. Will retry later...
2025-02-13 23:02:44.181 22395-895 I/AppHub: Task request endpoint:https://api.tracking.al-array.com/array/tracker/1.0/events
2025-02-13 23:02:44.182 22395-895 E/AppHub: Failed to dispatch postback. Error code: -1009 URL: https://api.tracking.al-array.com/array/tracker/1.0/events, response: null
2025-02-13 23:02:44.182 22395-895 W/PersistentPostbackManager: Failed to submit postback with errorCode -1009. Will retry later...
2025-02-13 23:02:44.183 22395-895 I/AppHub: Task request endpoint:https://api.tracking.al-array.com/array/tracker/1.0/events
2025-02-13 23:02:44.186 22395-895 E/AppHub: Failed to dispatch postback. Error code: -1009 URL: https://api.tracking.al-array.com/array/tracker/1.0/events, response: null
2025-02-13 23:02:44.187 22395-895 W/PersistentPostbackManager: Failed to submit postback with errorCode -1009. Will retry later...
2025-02-13 23:02:44.187 22395-895 I/AppHub: Task request endpoint:https://api.tracking.al-array.com/array/tracker/1.0/events
2025-02-13 23:02:44.187 22395-895 E/AppHub: Failed to dispatch postback. Error code: -1009 URL: https://api.tracking.al-array.com/array/tracker/1.0/events, response: null
2025-02-13 23:02:44.187 22395-895 W/PersistentPostbackManager: Failed to submit postback with errorCode -1009. Will retry later...
2025-02-13 23:02:45.349 22395-898 W/AppHub: Unable to send request due to server failure (code -1001). 3 attempts left, retrying in 10 seconds...
2025-02-13 23:02:45.351 22395-895 I/AppHub: Task request endpoint:https://api.tracking.al-array.com/array/tracker/1.0/events
2025-02-13 23:02:45.355 22395-895 E/AppHub: Failed to dispatch postback. Error code: -1009 URL: https://api.tracking.al-array.com/array/tracker/1.0/events, response: null
2025-02-13 23:02:45.356 22395-895 W/PersistentPostbackManager: Failed to submit postback with errorCode -1009. Will retry later...
2025-02-13 23:02:45.379 22395-896 W/AppHub: Unable to send request due to server failure (code -1001). 4 attempts left, retrying in 10 seconds...
2025-02-13 23:02:45.380 22395-898 I/AppHub: Task request endpoint:https://api.tracking.al-array.com/array/tracker/1.0/events
2025-02-13 23:02:45.384 22395-898 E/AppHub: Failed to dispatch postback. Error code: -1009 URL: https://api.tracking.al-array.com/array/tracker/1.0/events, response: null
2025-02-13 23:02:45.384 22395-898 W/PersistentPostbackManager: Failed to submit postback with errorCode -1009. Will retry later...
2025-02-13 23:02:45.390 22395-887 W/AppHub: Unable to send request due to server failure (code -1001). 3 attempts left, retrying in 10 seconds...
2025-02-13 23:02:45.391 22395-887 I/AppHub: Task request endpoint:https://api.tracking.al-array.com/array/tracker/1.0/events
2025-02-13 23:02:45.395 22395-887 E/AppHub: Failed to dispatch postback. Error code: -1009 URL: https://api.tracking.al-array.com/array/tracker/1.0/events, response: null
2025-02-13 23:02:45.396 22395-887 W/PersistentPostbackManager: Failed to submit postback with errorCode -1009. Will retry later...
2025-02-13 23:02:45.563 22395-891 W/AppHub: Unable to send request due to server failure (code -1001). 3 attempts left, retrying in 10 seconds...
2025-02-13 23:02:45.564 22395-896 I/AppHub: Task request endpoint:https://api.tracking.al-array.com/array/tracker/1.0/events
2025-02-13 23:02:45.567 22395-896 E/AppHub: Failed to dispatch postback. Error code: -1009 URL: https://api.tracking.al-array.com/array/tracker/1.0/events, response: null
2025-02-13 23:02:45.568 22395-896 W/PersistentPostbackManager: Failed to submit postback with errorCode -1009. Will retry later...
2025-02-13 23:03:01.997 22395-857 D/AppHub: TrafficManager: retrieverTrafficFromServer() called with: completed = Function1<com.applovin.oem.am.control.traffic.remote.TrafficResponse, kotlin.Unit>
2025-02-13 23:03:01.999 22395-857 D/AppLovinRandomIdRepository: getApplovinRandomId: BjJgNmsuxvpB9AlM|1739516581997|c6e03924-444e-456c-a4c5-744920658962|sp
2025-02-13 23:03:02.000 22395-857 D/: getValue: false
2025-02-13 23:03:02.002 22395-857 D/AndroidSystemProperties: getTestLocalString() called:
2025-02-13 23:03:02.007 22395-934 D/HeaderInterceptor: intercept() called with: chain = [okhttp3.internal.http.RealInterceptorChain@76a3a2d]
2025-02-13 23:03:02.007 22395-934 D/GlobalParamsInterceptor: intercept called with: request.url = [https://api.polaris.al-array.com/array/polaris/v1/settings], trace: 29535074
2025-02-13 23:03:02.016 22395-934 D/GlobalParamsInterceptor: intercept called request.body = okhttp3.RequestBody$Companion$toRequestBody$1@fe704f3 class: class okhttp3.RequestBody$Companion$toRequestBody$1
2025-02-13 23:03:02.017 22395-934 D/AppLovinRandomIdRepository: getDeviceId: 7db5ad2a-04eb-43b9-ba0d-d7b88c70ca37
2025-02-13 23:03:02.017 22395-934 D/GlobalParamsInterceptor: intercept oldPostJson: {"appInfo":{"appId":1001,"appVersionCode":1021001,"appVersionName":"1.21.1","packageName":"com.applovin.array.apphub.tmobile"},"deviceInfo":{"countryCode":"US","countryCodeSource":"SIM","devicePlatform":"android","id":"00468a8b225546de","locale":"en_US","osVersion":"14"},"earid":"2|7172021617015968229|lAuT6uP7v+zvi6JHWgldJqMKIYi/VRVIkF+63jBkxcIAnQlhganL2/6XG9zQl/RgYo6CPNBSE9I/\nRt967Eh2u8RAE9CBugl/f56wgiVP9lqbWSpBgxSF99GYExPfYjZnQwykQWjMN9GYcDWxhmqdiQic\nxY0QoB+87GfYba2l3C4Dlt38lYlLtzLO9hxorCJdFV4SqPGWhrLv8fB1fsRfRA5G3gMacJgi1BOp\nbw3irl7CEc1cfhNwGdPC99L0pzsOPdUPPBOagPN6VOG3rOelvKcQKEQkDIH/jJDHndXAR3QGjMJj\nQ6jpUy63lgPEoqGQ17B47u556GWNN3UCDmghaw==\n","partner":"tmobile","device_id":"7db5ad2a-04eb-43b9-ba0d-d7b88c70ca37"}
 newPostJson: {"appInfo":{"appId":1001,"appVersionCode":1021001,"appVersionName":"1.21.1","packageName":"com.applovin.array.apphub.tmobile"},"deviceInfo":{"countryCode":"US","countryCodeSource":"SIM","devicePlatform":"android","id":"00468a8b225546de","locale":"en_US","osVersion":"14"},"earid":"2|7172021617015968229|lAuT6uP7v+zvi6JHWgldJqMKIYi/VRVIkF+63jBkxcIAnQlhganL2/6XG9zQl/RgYo6CPNBSE9I/\nRt967Eh2u8RAE9CBugl/f56wgiVP9lqbWSpBgxSF99GYExPfYjZnQwykQWjMN9GYcDWxhmqdiQic\nxY0QoB+87GfYba2l3C4Dlt38lYlLtzLO9hxorCJdFV4SqPGWhrLv8fB1fsRfRA5G3gMacJgi1BOp\nbw3irl7CEc1cfhNwGdPC99L0pzsOPdUPPBOagPN6VOG3rOelvKcQKEQkDIH/jJDHndXAR3QGjMJj\nQ6jpUy63lgPEoqGQ17B47u556GWNN3UCDmghaw==\n","partner":"tmobile","device_id":"7db5ad2a-04eb-43b9-ba0d-d7b88c70ca37"}
2025-02-13 23:03:15.670 22395-941 W/RFixBundleInfo: can not download patch config:null
2025-02-13 23:03:15.672 22395-941 I/LocalNumber: num = 430192079475
2025-02-13 23:06:47.473 22395-883 D/AppHub: ApplicationInitializer : The default network changed network: 110
2025-02-13 23:36:47.100 22395-883 D/AppHub: ApplicationInitializer : The default network changed network: 110
2025-02-14 00:06:46.829 22395-883 D/AppHub: ApplicationInitializer : The default network changed network: 110
2025-02-14 00:36:46.388 22395-883 D/AppHub: ApplicationInitializer : The default network changed network: 110
2025-02-14 01:06:46.190 22395-883 D/AppHub: ApplicationInitializer : The default network changed network: 110
2025-02-14 01:36:45.774 22395-883 D/AppHub: ApplicationInitializer : The default network changed network: 110
2025-02-14 02:06:45.349 22395-883 D/AppHub: ApplicationInitializer : The default network changed network: 110
2025-02-14 02:36:44.995 22395-883 D/AppHub: ApplicationInitializer : The default network changed network: 110
2025-02-14 03:06:44.603 22395-883 D/AppHub: ApplicationInitializer : The default network changed network: 110
2025-02-14 03:36:44.342 22395-883 D/AppHub: ApplicationInitializer : The default network changed network: 110
2025-02-14 03:47:11.266 22395-883 D/AppHub: ApplicationInitializer : The default network changed network: 110
2025-02-14 03:47:11.306 22395-883 D/AppHub: ApplicationInitializer : The default network changed network: 110
2025-02-14 04:06:44.010 22395-883 D/AppHub: ApplicationInitializer : The default network changed network: 110
2025-02-14 04:26:26.543 22395-2 D/AppLifeCycleProviderImpl: onScreenOn
2025-02-14 04:26:26.549 22395-2 W/AppLifeCycleProviderImpl: check update
2025-02-14 04:26:26.553 22395-2 I/AppLifeCycleProviderImpl: onReceive, action = android.intent.action.SCREEN_ON
2025-02-14 04:26:26.569 22395-968 I/RFixBundleInfo: notifyBundleUpdate
2025-02-14 04:26:26.616 22395-968 W/RFixBundleInfo: can not download patch config:null
2025-02-14 04:26:26.666 22395-883 D/AppHub: ApplicationInitializer : The default network changed network: 110
2025-02-14 04:26:28.025 22395-2 D/ScheduleUpdateBroadcastReceiver: onReceive >> action=com.applovin.am.intent.action.SCHEDULE_APP_UPDATE
2025-02-14 04:26:28.026 22395-2 D/ScheduleUpdateBroadcastReceiver: onReceive >> traceId = 0b298df7-e046-41d2-98cf-0160a3eec329
2025-02-14 04:26:28.028 22395-2 D/ScheduleUpdateBroadcastReceiver: startNew3rdAppUpdate >> call traceId = 0b298df7-e046-41d2-98cf-0160a3eec329
2025-02-14 04:26:28.032 22395-2 D/TrackManager: track() called with: endpoint = [https://api.tracking.al-array.com/array/tracker/1.0/events], eventName = [app_update_triggered], parameters = [{feature_trace_id=0b298df7-e046-41d2-98cf-0160a3eec329, source=AppUpdate, feature=AppUpdate, server_based_condition=true, app_update_trigger_time=1739535988030}]
2025-02-14 04:26:28.042 22395-2 D/: getValue: false
2025-02-14 04:26:28.043 22395-2 D/TrackManager: track >> trafficContext: for eventName=app_update_triggered, true, false
2025-02-14 04:26:28.044 22395-2 D/UpdateConditionChecker: isWifi >> true
2025-02-14 04:26:28.054 22395-2 D/UpdateConditionChecker: isCharging >> false
2025-02-14 04:26:28.055 22395-2 D/ScheduleUpdateBroadcastReceiver: startNew3rdAppUpdate >> check failed
2025-02-14 04:26:28.055 22395-2 D/TrackManager: track() called with: endpoint = [https://api.tracking.al-array.com/array/tracker/1.0/events], eventName = [app_update_check_condition_fail], parameters = [{trigger_condition=true|false|true|20, feature=AppUpdate, server_based_condition=true, trigger_failed_reason=NO_BATTERY_CHARGING(10), feature_trace_id=0b298df7-e046-41d2-98cf-0160a3eec329}]
2025-02-14 04:26:28.058 22395-2 D/: getValue: false
2025-02-14 04:26:28.059 22395-2 D/TrackManager: track >> trafficContext: for eventName=app_update_check_condition_fail, true, false
2025-02-14 04:26:28.060 22395-2 D/UserPresentBroadcastReceiver: onReceive() called with: context = [com.applovin.array.apphub.ShellApplication@c7b6e31], intent = [Intent { act=android.intent.action.USER_PRESENT flg=0x24200010 }]
2025-02-14 04:26:28.078 22395-898 D/AppLovinRandomIdRepository: getApplovinRandomId: 9ycmHm0UISK3TNfH|1739535988064|c6e03924-444e-456c-a4c5-744920658962|sp
2025-02-14 04:26:28.079 22395-898 D/AppLovinRandomIdRepository: getDeviceId: 7db5ad2a-04eb-43b9-ba0d-d7b88c70ca37
2025-02-14 04:26:28.080 22395-898 D/: getValue: false
2025-02-14 04:26:28.081 22395-898 D/: getValue: 
2025-02-14 04:26:28.082 22395-898 D/: getValue: false
2025-02-14 04:26:28.082 22395-895 D/AppLovinRandomIdRepository: getApplovinRandomId: MB5qhyMd9q51Jc5B|1739535988074|c6e03924-444e-456c-a4c5-744920658962|sp
2025-02-14 04:26:28.095 22395-895 D/AppLovinRandomIdRepository: getDeviceId: 7db5ad2a-04eb-43b9-ba0d-d7b88c70ca37
2025-02-14 04:26:28.096 22395-895 D/: getValue: false
2025-02-14 04:26:28.096 22395-895 D/: getValue: 
2025-02-14 04:26:28.097 22395-895 D/: getValue: false
2025-02-14 04:26:28.098 22395-2 D/AndroidDeviceUtil: isDeviceEncrypted() called with: storageEncryptionStatus = [5]
2025-02-14 04:26:28.099 22395-2 D/AndroidDeviceUtil: isUserUnlocked() called with: isUserUnlocked = [true]
2025-02-14 04:26:28.104 22395-2 D/AppHubApplicationDelegate: Application boot onCreate() called isDeviceEncrypted:true，isUserUnlocked：true
2025-02-14 04:26:28.105 22395-2 D/ScreenBroadcastReceiver: onReceive() called with: context = [com.applovin.array.apphub.ShellApplication@c7b6e31], intent = [Intent { act=android.intent.action.USER_PRESENT flg=0x24200010 }]
2025-02-14 04:26:28.106 22395-2 E/ScreenBroadcastReceiver: notification trigger fail
2025-02-14 04:26:28.106 22395-2 E/ScreenBroadcastReceiver: oobe=ConfigItem{name='oobe', enable=false, maxFrequency=0, timePeriod=0, uiType='null', intervals=[], repeatType='null', delay=false, settings=ConfigItemSettings{checkInterval=0, appCoolDown=0, duration=0, persistent=false, navBarDisable=false, waitDuration=0, existDuration=0, initialDelaySeconds=0, downloadApiInvokeTimeout=4000}}
2025-02-14 04:26:28.107 22395-2 E/ScreenBroadcastReceiver: os-update=ConfigItem{name='osUpdate', enable=false, maxFrequency=0, timePeriod=0, uiType='null', intervals=[], repeatType='null', delay=false, settings=ConfigItemSettings{checkInterval=0, appCoolDown=0, duration=0, persistent=false, navBarDisable=false, waitDuration=0, existDuration=0, initialDelaySeconds=0, downloadApiInvokeTimeout=4000}}
2025-02-14 04:26:28.108 22395-2 D/PluginManager: getPlugin() called with: cl = [com.applovin.array.plugin.IDiscoveryPlugin:com.applovin.oem.discovery.plugin.DiscoveryPlugin@15af325
2025-02-14 04:26:28.156 22395-2 D/ReminderNotificationProvider: checkAndShowReminderPopup() called
2025-02-14 04:26:28.158 22395-2 D/OOBEManager: tryShowOOBEPopup() called
2025-02-14 04:26:28.160 22395-2 D/: getValue: false
2025-02-14 04:26:28.161 22395-2 D/: getValue: false
2025-02-14 04:26:28.161 22395-2 D/OOBEManager: tryShowOptInPopUp() called
2025-02-14 04:26:28.164 22395-2 D/: getValue: false
2025-02-14 04:26:28.165 22395-2 D/: getValue: false
2025-02-14 04:26:28.167 22395-2 D/PeriodicManager: tryShowPeriodicRecommendation() called
2025-02-14 04:26:28.168 22395-2 D/: getValue: false
2025-02-14 04:26:28.190 22395-895 D/AppLovinRandomIdRepository: getApplovinRandomId: Nt3cv3ULJwTDnr7h|1739535988190|c6e03924-444e-456c-a4c5-744920658962|sp
2025-02-14 04:26:28.192 22395-895 D/: getValue: false
2025-02-14 04:26:28.192 22395-895 D/AppLovinRandomIdRepository: getDeviceId: 7db5ad2a-04eb-43b9-ba0d-d7b88c70ca37
2025-02-14 04:26:28.197 22395-895 I/AppHub: Task request endpoint:https://api.tracking.al-array.com/array/tracker/1.0/events
2025-02-14 04:26:28.208 22395-898 D/AppLovinRandomIdRepository: getApplovinRandomId: tUQerC3NiDqvbA96|1739535988206|c6e03924-444e-456c-a4c5-744920658962|sp
2025-02-14 04:26:28.208 22395-898 D/: getValue: false
2025-02-14 04:26:28.222 22395-898 D/AppLovinRandomIdRepository: getDeviceId: 7db5ad2a-04eb-43b9-ba0d-d7b88c70ca37
2025-02-14 04:26:28.225 22395-898 I/AppHub: Task request endpoint:https://api.tracking.al-array.com/array/tracker/1.0/events
2025-02-14 04:26:28.236 22395-969 D/SelfUpdateChecker: -startCheckSelfUpdateFlow()  : forceSelfUpdate:false,isOOBEStarted:false,isNeedSelfUpdate:false,isAllowMobileNetwork:false,isDeviceWifiNetwork:true
2025-02-14 04:26:28.673 22395-895 I/PersistentPostbackManager: Successfully submitted postback.
2025-02-14 04:26:28.675 22395-891 I/AppHub: Task request endpoint:https://api.tracking.al-array.com/array/tracker/1.0/events
2025-02-14 04:26:28.678 22395-896 I/AppHub: Task request endpoint:https://api.tracking.al-array.com/array/tracker/1.0/events
2025-02-14 04:26:28.681 22395-887 I/AppHub: Task request endpoint:https://api.tracking.al-array.com/array/tracker/1.0/events
2025-02-14 04:26:28.712 22395-895 I/AppHub: Task request endpoint:https://api.tracking.al-array.com/array/tracker/1.0/events
2025-02-14 04:26:28.719 22395-898 I/PersistentPostbackManager: Successfully submitted postback.
2025-02-14 04:26:28.720 22395-898 I/AppHub: Task request endpoint:https://api.tracking.al-array.com/array/tracker/1.0/events
2025-02-14 04:26:28.823 22395-891 I/PersistentPostbackManager: Successfully submitted postback.
2025-02-14 04:26:28.824 22395-891 I/AppHub: Task request endpoint:https://api.tracking.al-array.com/array/tracker/1.0/events
2025-02-14 04:26:28.845 22395-896 I/PersistentPostbackManager: Successfully submitted postback.
2025-02-14 04:26:28.846 22395-896 I/AppHub: Task request endpoint:https://api.tracking.al-array.com/array/tracker/1.0/events
2025-02-14 04:26:28.859 22395-972 D/OfflineManager: updateOfflinePackage() resType=direct_download
2025-02-14 04:26:28.860 22395-972 D/: getValue: b3c8b2d3-0e03-4973-b380-90e751600465
2025-02-14 04:26:29.015 22395-891 I/PersistentPostbackManager: Successfully submitted postback.
2025-02-14 04:26:29.131 22395-896 I/PersistentPostbackManager: Successfully submitted postback.
2025-02-14 04:26:29.131 22395-896 I/AppHub: Task request endpoint:https://api.tracking.al-array.com/array/tracker/1.0/events
2025-02-14 04:26:29.137 22395-887 I/PersistentPostbackManager: Successfully submitted postback.
2025-02-14 04:26:29.156 22395-895 I/PersistentPostbackManager: Successfully submitted postback.
2025-02-14 04:26:29.156 22395-895 I/AppHub: Task request endpoint:https://api.tracking.al-array.com/array/tracker/1.0/events
2025-02-14 04:26:29.157 22395-898 I/PersistentPostbackManager: Successfully submitted postback.
2025-02-14 04:26:29.157 22395-891 I/AppHub: Task request endpoint:https://api.tracking.al-array.com/array/tracker/1.0/events
2025-02-14 04:26:29.158 22395-887 I/AppHub: Task request endpoint:https://api.tracking.al-array.com/array/tracker/1.0/events
2025-02-14 04:26:29.158 22395-898 I/AppHub: Task request endpoint:https://api.tracking.al-array.com/array/tracker/1.0/events
2025-02-14 04:26:29.264 22395-896 I/PersistentPostbackManager: Successfully submitted postback.
2025-02-14 04:26:29.306 22395-895 I/PersistentPostbackManager: Successfully submitted postback.
2025-02-14 04:26:29.308 22395-898 I/PersistentPostbackManager: Successfully submitted postback.
2025-02-14 04:26:29.312 22395-891 I/PersistentPostbackManager: Successfully submitted postback.
2025-02-14 04:26:29.372 22395-887 I/PersistentPostbackManager: Successfully submitted postback.
2025-02-14 04:26:29.590 22395-972 D/edison.offlineInfo: 离线包内容={"url":"https://apphub-web-ui.al-array.com/offline/directdownload/packages/b3c8b2d3-0e03-4973-b380-90e751600465.zip","build_id":"b3c8b2d3-0e03-4973-b380-90e751600465"}

2025-02-14 04:26:29.601 22395-972 D/OfflineManager: current buildId=b3c8b2d3-0e03-4973-b380-90e751600465,server buildId=b3c8b2d3-0e03-4973-b380-90e751600465
2025-02-14 04:26:29.601 22395-972 D/OfflineManager: buildId is same , resourceType=direct_download
2025-02-14 04:26:29.614 22395-972 D/OfflineManager: scheduleOfflineCheckTask() resType = app_hub settings is off
2025-02-14 04:26:29.614 22395-972 D/: getValue: 0
2025-02-14 04:26:29.615 22395-972 D/OfflineManager: Set up scheduled offline package update tasks resourceType=direct_download
2025-02-14 04:26:29.615 22395-972 D/TrackManager: track() called with: endpoint = [https://api.tracking.al-array.com/array/tracker/1.0/events], eventName = [scheduleUpdateWebTemplate], parameters = [null]
2025-02-14 04:26:29.616 22395-972 D/: getValue: false
2025-02-14 04:26:29.617 22395-972 D/TrackManager: track >> trafficContext: for eventName=scheduleUpdateWebTemplate, true, false
2025-02-14 04:26:29.624 22395-896 D/AppLovinRandomIdRepository: getApplovinRandomId: QxieESjMKfnelT2Y|1739535989622|c6e03924-444e-456c-a4c5-744920658962|sp
2025-02-14 04:26:29.625 22395-896 D/AppLovinRandomIdRepository: getDeviceId: 7db5ad2a-04eb-43b9-ba0d-d7b88c70ca37
2025-02-14 04:26:29.626 22395-896 D/: getValue: false
2025-02-14 04:26:29.626 22395-896 D/: getValue: 
2025-02-14 04:26:29.627 22395-896 D/: getValue: false
2025-02-14 04:26:29.634 22395-896 D/AppLovinRandomIdRepository: getApplovinRandomId: eGdvFaw6C1eatvcl|1739535989633|c6e03924-444e-456c-a4c5-744920658962|sp
2025-02-14 04:26:29.635 22395-896 D/: getValue: false
2025-02-14 04:26:29.635 22395-896 D/AppLovinRandomIdRepository: getDeviceId: 7db5ad2a-04eb-43b9-ba0d-d7b88c70ca37
2025-02-14 04:26:29.636 22395-896 I/AppHub: Task request endpoint:https://api.tracking.al-array.com/array/tracker/1.0/events
2025-02-14 04:26:29.649 22395-972 D/OfflineManager: schedule Check for updates=1739539589609,resourceType=direct_download
2025-02-14 04:26:29.810 22395-896 I/PersistentPostbackManager: Successfully submitted postback.
